-- Found ament_cmake: 2.5.6 (/opt/ros/jazzy/share/ament_cmake/cmake)
-- Found rclcpp: 28.1.21 (/opt/ros/jazzy/share/rclcpp/cmake)
-- Found rosidl_generator_c: 4.6.9 (/opt/ros/jazzy/share/rosidl_generator_c/cmake)
-- Found rosidl_generator_cpp: 4.6.9 (/opt/ros/jazzy/share/rosidl_generator_cpp/cmake)
-- Using all available rosidl_typesupport_c: rosidl_typesupport_fastrtps_c;rosidl_typesupport_introspection_c
-- Using all available rosidl_typesupport_cpp: rosidl_typesupport_fastrtps_cpp;rosidl_typesupport_introspection_cpp
-- Found rmw_implementation_cmake: 7.3.3 (/opt/ros/jazzy/share/rmw_implementation_cmake/cmake)
-- Found rmw_fastrtps_cpp: 8.4.4 (/opt/ros/jazzy/share/rmw_fastrtps_cpp/cmake)
-- Using RMW implementation 'rmw_fastrtps_cpp' as default
-- Found std_msgs: 5.3.8 (/opt/ros/jazzy/share/std_msgs/cmake)
-- Found communication: 0.0.0 (/opt/bxi/bxi_ros2_pkg/share/communication/cmake)
-- Found ament_lint_auto: 0.17.5 (/opt/ros/jazzy/share/ament_lint_auto/cmake)
-- Added test 'copyright' to check source files copyright and LICENSE
-- Added test 'cppcheck' to perform static code analysis on C / C++ code
-- Configured cppcheck include dirs: /home/nvidia/bxi_ws/bxi_rl_controller_ros2_example/src/remote_controller/include;$<BUILD_INTERFACE:/home/nvidia/bxi_ws/bxi_rl_controller_ros2_example/src/remote_controller/include>
-- Configured cppcheck exclude dirs and/or files: 
-- Added test 'cpplint' to check C / C++ code against the Google style
-- Configured cpplint exclude dirs and/or files: 
-- Added test 'flake8' to check Python code syntax and style conventions
-- Configured 'flake8' exclude dirs and/or files: 
-- Added test 'lint_cmake' to check CMake code style
-- Added test 'pep257' to check Python code against some of the docstring style conventions in PEP 257
-- Added test 'uncrustify' to check C / C++ code style
-- Configured uncrustify additional arguments: 
-- Added test 'xmllint' to check XML markup files
-- Configuring done (0.9s)
-- Generating done (0.0s)
-- Build files have been written to: /home/nvidia/bxi_ws/bxi_rl_controller_ros2_example/build/remote_controller
[ 12%] Built target remote_controller_crsf_frame_parser_test
[ 25%] [32mBuilding CXX object CMakeFiles/remote_controller_core.dir/src/drivers/driver_registry.cpp.o[0m
[ 25%] [32mBuilding CXX object CMakeFiles/remote_controller_core.dir/src/drivers/crsf_input_driver.cpp.o[0m
[ 31%] [32mBuilding CXX object CMakeFiles/remote_controller_core.dir/src/drivers/keyboard_input_driver.cpp.o[0m
[ 37%] [32mBuilding CXX object CMakeFiles/remote_controller_core.dir/src/config.cpp.o[0m
[ 43%] [32mBuilding CXX object CMakeFiles/remote_controller_core.dir/src/input_device_manager.cpp.o[0m
[ 50%] [32mBuilding CXX object CMakeFiles/remote_controller_core.dir/src/drivers/input_driver_base.cpp.o[0m
[ 56%] [32mBuilding CXX object CMakeFiles/remote_controller_core.dir/src/drivers/joystick_input_driver.cpp.o[0m
gmake[2]: *** [CMakeFiles/remote_controller_core.dir/build.make:118: CMakeFiles/remote_controller_core.dir/src/drivers/input_driver_base.cpp.o] Interrupt
gmake[2]: *** [CMakeFiles/remote_controller_core.dir/build.make:146: CMakeFiles/remote_controller_core.dir/src/drivers/keyboard_input_driver.cpp.o] Interrupt
gmake[2]: *** [CMakeFiles/remote_controller_core.dir/build.make:104: CMakeFiles/remote_controller_core.dir/src/drivers/crsf_input_driver.cpp.o] Interrupt
gmake[2]: *** [CMakeFiles/remote_controller_core.dir/build.make:76: CMakeFiles/remote_controller_core.dir/src/config.cpp.o] Interrupt
gmake[2]: *** [CMakeFiles/remote_controller_core.dir/build.make:173: CMakeFiles/remote_controller_core.dir/src/input_mapper.cpp.o] Interrupt
gmake[2]: *** [CMakeFiles/remote_controller_core.dir/build.make:90: CMakeFiles/remote_controller_core.dir/src/drivers/driver_registry.cpp.o] Interrupt
gmake[2]: *** [CMakeFiles/remote_controller_core.dir/build.make:132: CMakeFiles/remote_controller_core.dir/src/drivers/joystick_input_driver.cpp.o] Interrupt
gmake[2]: *** [CMakeFiles/remote_controller_core.dir/build.make:187: CMakeFiles/remote_controller_core.dir/src/motion_commands_adapter.cpp.o] Interrupt
gmake[2]: *** wait: No child processes.  Stop.
gmake[2]: *** Waiting for unfinished jobs....
gmake[2]: *** wait: No child processes.  Stop.
gmake[1]: *** [CMakeFiles/Makefile2:169: CMakeFiles/remote_controller_core.dir/all] Error 2
gmake: *** [Makefile:146: all] Interrupt
