[0.345s] Invoking command in '/home/nvidia/bxi_ws/bxi_rl_controller_ros2_example/build/remote_controller': CMAKE_PREFIX_PATH=${CMAKE_PREFIX_PATH}:/opt/ros/jazzy DEBUGINFOD_URLS=https://debuginfod.ubuntu.com /usr/bin/cmake --build /home/nvidia/bxi_ws/bxi_rl_controller_ros2_example/build/remote_controller -- -j14 -l14
[0.387s] -- Found ament_cmake: 2.5.6 (/opt/ros/jazzy/share/ament_cmake/cmake)
[0.788s] -- Found rclcpp: 28.1.21 (/opt/ros/jazzy/share/rclcpp/cmake)
[0.827s] -- Found rosidl_generator_c: 4.6.9 (/opt/ros/jazzy/share/rosidl_generator_c/cmake)
[0.837s] -- Found rosidl_generator_cpp: 4.6.9 (/opt/ros/jazzy/share/rosidl_generator_cpp/cmake)
[0.852s] -- Using all available rosidl_typesupport_c: rosidl_typesupport_fastrtps_c;rosidl_typesupport_introspection_c
[0.867s] -- Using all available rosidl_typesupport_cpp: rosidl_typesupport_fastrtps_cpp;rosidl_typesupport_introspection_cpp
[0.918s] -- Found rmw_implementation_cmake: 7.3.3 (/opt/ros/jazzy/share/rmw_implementation_cmake/cmake)
[0.918s] -- Found rmw_fastrtps_cpp: 8.4.4 (/opt/ros/jazzy/share/rmw_fastrtps_cpp/cmake)
[0.999s] -- Using RMW implementation 'rmw_fastrtps_cpp' as default
[1.053s] -- Found std_msgs: 5.3.8 (/opt/ros/jazzy/share/std_msgs/cmake)
[1.063s] -- Found communication: 0.0.0 (/opt/bxi/bxi_ros2_pkg/share/communication/cmake)
[1.113s] -- Found ament_lint_auto: 0.17.5 (/opt/ros/jazzy/share/ament_lint_auto/cmake)
[1.301s] -- Added test 'copyright' to check source files copyright and LICENSE
[1.303s] -- Added test 'cppcheck' to perform static code analysis on C / C++ code
[1.304s] -- Configured cppcheck include dirs: /home/nvidia/bxi_ws/bxi_rl_controller_ros2_example/src/remote_controller/include;$<BUILD_INTERFACE:/home/nvidia/bxi_ws/bxi_rl_controller_ros2_example/src/remote_controller/include>
[1.305s] -- Configured cppcheck exclude dirs and/or files: 
[1.305s] -- Added test 'cpplint' to check C / C++ code against the Google style
[1.305s] -- Configured cpplint exclude dirs and/or files: 
[1.306s] -- Added test 'flake8' to check Python code syntax and style conventions
[1.306s] -- Configured 'flake8' exclude dirs and/or files: 
[1.308s] -- Added test 'lint_cmake' to check CMake code style
[1.309s] -- Added test 'pep257' to check Python code against some of the docstring style conventions in PEP 257
[1.311s] -- Added test 'uncrustify' to check C / C++ code style
[1.311s] -- Configured uncrustify additional arguments: 
[1.312s] -- Added test 'xmllint' to check XML markup files
[1.316s] -- Configuring done (0.9s)
[1.348s] -- Generating done (0.0s)
[1.355s] -- Build files have been written to: /home/nvidia/bxi_ws/bxi_rl_controller_ros2_example/build/remote_controller
[1.457s] [ 12%] Built target remote_controller_crsf_frame_parser_test
[1.461s] [ 25%] [32mBuilding CXX object CMakeFiles/remote_controller_core.dir/src/drivers/driver_registry.cpp.o[0m
[1.461s] [ 25%] [32mBuilding CXX object CMakeFiles/remote_controller_core.dir/src/drivers/crsf_input_driver.cpp.o[0m
[1.461s] [ 31%] [32mBuilding CXX object CMakeFiles/remote_controller_core.dir/src/drivers/keyboard_input_driver.cpp.o[0m
[1.464s] [ 37%] [32mBuilding CXX object CMakeFiles/remote_controller_core.dir/src/config.cpp.o[0m
[1.467s] [ 43%] [32mBuilding CXX object CMakeFiles/remote_controller_core.dir/src/input_device_manager.cpp.o[0m
[1.468s] [ 50%] [32mBuilding CXX object CMakeFiles/remote_controller_core.dir/src/drivers/input_driver_base.cpp.o[0m
[1.473s] [ 56%] [32mBuilding CXX object CMakeFiles/remote_controller_core.dir/src/drivers/joystick_input_driver.cpp.o[0m
[1.487s] gmake[2]: *** [CMakeFiles/remote_controller_core.dir/build.make:118: CMakeFiles/remote_controller_core.dir/src/drivers/input_driver_base.cpp.o] Interrupt
[1.490s] gmake[2]: *** [CMakeFiles/remote_controller_core.dir/build.make:146: CMakeFiles/remote_controller_core.dir/src/drivers/keyboard_input_driver.cpp.o] Interrupt
[1.490s] gmake[2]: *** [CMakeFiles/remote_controller_core.dir/build.make:104: CMakeFiles/remote_controller_core.dir/src/drivers/crsf_input_driver.cpp.o] Interrupt
[1.490s] gmake[2]: *** [CMakeFiles/remote_controller_core.dir/build.make:76: CMakeFiles/remote_controller_core.dir/src/config.cpp.o] Interrupt
[1.490s] gmake[2]: *** [CMakeFiles/remote_controller_core.dir/build.make:173: CMakeFiles/remote_controller_core.dir/src/input_mapper.cpp.o] Interrupt
[1.490s] gmake[2]: *** [CMakeFiles/remote_controller_core.dir/build.make:90: CMakeFiles/remote_controller_core.dir/src/drivers/driver_registry.cpp.o] Interrupt
[1.491s] gmake[2]: *** [CMakeFiles/remote_controller_core.dir/build.make:132: CMakeFiles/remote_controller_core.dir/src/drivers/joystick_input_driver.cpp.o] Interrupt
[1.495s] gmake[2]: *** [CMakeFiles/remote_controller_core.dir/build.make:187: CMakeFiles/remote_controller_core.dir/src/motion_commands_adapter.cpp.o] Interrupt
[1.495s] gmake[2]: *** wait: No child processes.  Stop.
[1.495s] gmake[2]: *** Waiting for unfinished jobs....
[1.495s] gmake[2]: *** wait: No child processes.  Stop.
[1.495s] gmake[1]: *** [CMakeFiles/Makefile2:169: CMakeFiles/remote_controller_core.dir/all] Error 2
[1.495s] gmake: *** [Makefile:146: all] Interrupt
