/home/nvidia/bxi_ws/bxi_rl_controller_ros2_example/install/lib/python3.12/site-packages/bxi_example_py_elf3/__init__.py
/home/nvidia/bxi_ws/bxi_rl_controller_ros2_example/install/lib/python3.12/site-packages/bxi_example_py_elf3/suspended_states.py
/home/nvidia/bxi_ws/bxi_rl_controller_ros2_example/install/lib/python3.12/site-packages/bxi_example_py_elf3/bxi_example_vibration.py
/home/nvidia/bxi_ws/bxi_rl_controller_ros2_example/install/lib/python3.12/site-packages/bxi_example_py_elf3/bxi_example_demo.py
/home/nvidia/bxi_ws/bxi_rl_controller_ros2_example/install/lib/python3.12/site-packages/bxi_example_py_elf3/bxi_example_suspended_tests.py
/home/nvidia/bxi_ws/bxi_rl_controller_ros2_example/install/lib/python3.12/site-packages/bxi_example_py_elf3/bxi_example_test_wire.py
/home/nvidia/bxi_ws/bxi_rl_controller_ros2_example/install/lib/python3.12/site-packages/bxi_example_py_elf3/bxi_example_mjlab.py
/home/nvidia/bxi_ws/bxi_rl_controller_ros2_example/install/lib/python3.12/site-packages/bxi_example_py_elf3/bxi_example_run.py
/home/nvidia/bxi_ws/bxi_rl_controller_ros2_example/install/lib/python3.12/site-packages/bxi_example_py_elf3/utils/__init__.py
/home/nvidia/bxi_ws/bxi_rl_controller_ros2_example/install/lib/python3.12/site-packages/bxi_example_py_elf3/utils/tfs.py
/home/nvidia/bxi_ws/bxi_rl_controller_ros2_example/install/lib/python3.12/site-packages/bxi_example_py_elf3/inference/__init__.py
/home/nvidia/bxi_ws/bxi_rl_controller_ros2_example/install/lib/python3.12/site-packages/bxi_example_py_elf3/inference/host.py
/home/nvidia/bxi_ws/bxi_rl_controller_ros2_example/install/lib/python3.12/site-packages/bxi_example_py_elf3/inference/normal.py
/home/nvidia/bxi_ws/bxi_rl_controller_ros2_example/install/lib/python3.12/site-packages/bxi_example_py_elf3/inference/beyondmimic.py
/home/nvidia/bxi_ws/bxi_rl_controller_ros2_example/install/lib/python3.12/site-packages/bxi_example_py_elf3/control/__init__.py
/home/nvidia/bxi_ws/bxi_rl_controller_ros2_example/install/lib/python3.12/site-packages/bxi_example_py_elf3/control/collision_guard.py
/home/nvidia/bxi_ws/bxi_rl_controller_ros2_example/install/lib/python3.12/site-packages/bxi_example_py_elf3/control/elf3.py
/home/nvidia/bxi_ws/bxi_rl_controller_ros2_example/install/lib/python3.12/site-packages/bxi_example_py_elf3/control/remote.py
/home/nvidia/bxi_ws/bxi_rl_controller_ros2_example/install/lib/python3.12/site-packages/bxi_example_py_elf3/control/trajectory.py
/home/nvidia/bxi_ws/bxi_rl_controller_ros2_example/install/lib/python3.12/site-packages/bxi_example_py_elf3/control/limb_sequence.py
/home/nvidia/bxi_ws/bxi_rl_controller_ros2_example/install/lib/python3.12/site-packages/bxi_example_py_elf3/framework/__init__.py
/home/nvidia/bxi_ws/bxi_rl_controller_ros2_example/install/lib/python3.12/site-packages/bxi_example_py_elf3/framework/control_state.py
/home/nvidia/bxi_ws/bxi_rl_controller_ros2_example/install/lib/python3.12/site-packages/bxi_example_py_elf3/framework/joints/__init__.py
/home/nvidia/bxi_ws/bxi_rl_controller_ros2_example/install/lib/python3.12/site-packages/bxi_example_py_elf3/framework/joints/calibration.py
/home/nvidia/bxi_ws/bxi_rl_controller_ros2_example/install/lib/python3.12/site-packages/bxi_example_py_elf3/framework/joints/assembly.py
/home/nvidia/bxi_ws/bxi_rl_controller_ros2_example/install/lib/python3.12/site-packages/bxi_example_py_elf3/framework/joints/parameters.py
/home/nvidia/bxi_ws/bxi_rl_controller_ros2_example/install/lib/python3.12/site-packages/bxi_example_py_elf3/framework/joints/target.py
/home/nvidia/bxi_ws/bxi_rl_controller_ros2_example/install/lib/python3.12/site-packages/bxi_example_py_elf3/framework/joints/resolver.py
/home/nvidia/bxi_ws/bxi_rl_controller_ros2_example/install/lib/python3.12/site-packages/bxi_example_py_elf3/framework/joints/layout.py
/home/nvidia/bxi_ws/bxi_rl_controller_ros2_example/install/lib/python3.12/site-packages/bxi_example_py_elf3/framework/joints/state.py
/home/nvidia/bxi_ws/bxi_rl_controller_ros2_example/install/lib/python3.12/site-packages/bxi_example_py_elf3/framework/joints/mapping.py
/home/nvidia/bxi_ws/bxi_rl_controller_ros2_example/install/lib/python3.12/site-packages/bxi_example_py_elf3/framework/joints/override.py
/home/nvidia/bxi_ws/bxi_rl_controller_ros2_example/install/lib/python3.12/site-packages/bxi_example_py_elf3/framework/joints/defaults.py
/home/nvidia/bxi_ws/bxi_rl_controller_ros2_example/install/lib/python3.12/site-packages/bxi_example_py_elf3/framework/mod_api/__init__.py
/home/nvidia/bxi_ws/bxi_rl_controller_ros2_example/install/lib/python3.12/site-packages/bxi_example_py_elf3/framework/mod_api/frame.py
/home/nvidia/bxi_ws/bxi_rl_controller_ros2_example/install/lib/python3.12/site-packages/bxi_example_py_elf3/framework/mod_api/composition.py
/home/nvidia/bxi_ws/bxi_rl_controller_ros2_example/install/lib/python3.12/site-packages/bxi_example_py_elf3/framework/platform/__init__.py
/home/nvidia/bxi_ws/bxi_rl_controller_ros2_example/install/lib/python3.12/site-packages/bxi_example_py_elf3/framework/platform/joint_io.py
/home/nvidia/bxi_ws/bxi_rl_controller_ros2_example/install/lib/python3.12/site-packages/bxi_example_py_elf3/framework/platform/api.py
/home/nvidia/bxi_ws/bxi_rl_controller_ros2_example/install/lib/python3.12/site-packages/bxi_example_py_elf3/__pycache__/__init__.cpython-312.pyc
/home/nvidia/bxi_ws/bxi_rl_controller_ros2_example/install/lib/python3.12/site-packages/bxi_example_py_elf3/__pycache__/suspended_states.cpython-312.pyc
/home/nvidia/bxi_ws/bxi_rl_controller_ros2_example/install/lib/python3.12/site-packages/bxi_example_py_elf3/__pycache__/bxi_example_vibration.cpython-312.pyc
/home/nvidia/bxi_ws/bxi_rl_controller_ros2_example/install/lib/python3.12/site-packages/bxi_example_py_elf3/__pycache__/bxi_example_demo.cpython-312.pyc
/home/nvidia/bxi_ws/bxi_rl_controller_ros2_example/install/lib/python3.12/site-packages/bxi_example_py_elf3/__pycache__/bxi_example_suspended_tests.cpython-312.pyc
/home/nvidia/bxi_ws/bxi_rl_controller_ros2_example/install/lib/python3.12/site-packages/bxi_example_py_elf3/__pycache__/bxi_example_test_wire.cpython-312.pyc
/home/nvidia/bxi_ws/bxi_rl_controller_ros2_example/install/lib/python3.12/site-packages/bxi_example_py_elf3/__pycache__/bxi_example_mjlab.cpython-312.pyc
/home/nvidia/bxi_ws/bxi_rl_controller_ros2_example/install/lib/python3.12/site-packages/bxi_example_py_elf3/__pycache__/bxi_example_run.cpython-312.pyc
/home/nvidia/bxi_ws/bxi_rl_controller_ros2_example/install/lib/python3.12/site-packages/bxi_example_py_elf3/utils/__pycache__/__init__.cpython-312.pyc
/home/nvidia/bxi_ws/bxi_rl_controller_ros2_example/install/lib/python3.12/site-packages/bxi_example_py_elf3/utils/__pycache__/tfs.cpython-312.pyc
/home/nvidia/bxi_ws/bxi_rl_controller_ros2_example/install/lib/python3.12/site-packages/bxi_example_py_elf3/inference/__pycache__/__init__.cpython-312.pyc
/home/nvidia/bxi_ws/bxi_rl_controller_ros2_example/install/lib/python3.12/site-packages/bxi_example_py_elf3/inference/__pycache__/host.cpython-312.pyc
/home/nvidia/bxi_ws/bxi_rl_controller_ros2_example/install/lib/python3.12/site-packages/bxi_example_py_elf3/inference/__pycache__/normal.cpython-312.pyc
/home/nvidia/bxi_ws/bxi_rl_controller_ros2_example/install/lib/python3.12/site-packages/bxi_example_py_elf3/inference/__pycache__/beyondmimic.cpython-312.pyc
/home/nvidia/bxi_ws/bxi_rl_controller_ros2_example/install/lib/python3.12/site-packages/bxi_example_py_elf3/control/__pycache__/__init__.cpython-312.pyc
/home/nvidia/bxi_ws/bxi_rl_controller_ros2_example/install/lib/python3.12/site-packages/bxi_example_py_elf3/control/__pycache__/collision_guard.cpython-312.pyc
/home/nvidia/bxi_ws/bxi_rl_controller_ros2_example/install/lib/python3.12/site-packages/bxi_example_py_elf3/control/__pycache__/elf3.cpython-312.pyc
/home/nvidia/bxi_ws/bxi_rl_controller_ros2_example/install/lib/python3.12/site-packages/bxi_example_py_elf3/control/__pycache__/remote.cpython-312.pyc
/home/nvidia/bxi_ws/bxi_rl_controller_ros2_example/install/lib/python3.12/site-packages/bxi_example_py_elf3/control/__pycache__/trajectory.cpython-312.pyc
/home/nvidia/bxi_ws/bxi_rl_controller_ros2_example/install/lib/python3.12/site-packages/bxi_example_py_elf3/control/__pycache__/limb_sequence.cpython-312.pyc
/home/nvidia/bxi_ws/bxi_rl_controller_ros2_example/install/lib/python3.12/site-packages/bxi_example_py_elf3/framework/__pycache__/__init__.cpython-312.pyc
/home/nvidia/bxi_ws/bxi_rl_controller_ros2_example/install/lib/python3.12/site-packages/bxi_example_py_elf3/framework/__pycache__/control_state.cpython-312.pyc
/home/nvidia/bxi_ws/bxi_rl_controller_ros2_example/install/lib/python3.12/site-packages/bxi_example_py_elf3/framework/joints/__pycache__/__init__.cpython-312.pyc
/home/nvidia/bxi_ws/bxi_rl_controller_ros2_example/install/lib/python3.12/site-packages/bxi_example_py_elf3/framework/joints/__pycache__/calibration.cpython-312.pyc
/home/nvidia/bxi_ws/bxi_rl_controller_ros2_example/install/lib/python3.12/site-packages/bxi_example_py_elf3/framework/joints/__pycache__/assembly.cpython-312.pyc
/home/nvidia/bxi_ws/bxi_rl_controller_ros2_example/install/lib/python3.12/site-packages/bxi_example_py_elf3/framework/joints/__pycache__/parameters.cpython-312.pyc
/home/nvidia/bxi_ws/bxi_rl_controller_ros2_example/install/lib/python3.12/site-packages/bxi_example_py_elf3/framework/joints/__pycache__/target.cpython-312.pyc
/home/nvidia/bxi_ws/bxi_rl_controller_ros2_example/install/lib/python3.12/site-packages/bxi_example_py_elf3/framework/joints/__pycache__/resolver.cpython-312.pyc
/home/nvidia/bxi_ws/bxi_rl_controller_ros2_example/install/lib/python3.12/site-packages/bxi_example_py_elf3/framework/joints/__pycache__/layout.cpython-312.pyc
/home/nvidia/bxi_ws/bxi_rl_controller_ros2_example/install/lib/python3.12/site-packages/bxi_example_py_elf3/framework/joints/__pycache__/state.cpython-312.pyc
/home/nvidia/bxi_ws/bxi_rl_controller_ros2_example/install/lib/python3.12/site-packages/bxi_example_py_elf3/framework/joints/__pycache__/mapping.cpython-312.pyc
/home/nvidia/bxi_ws/bxi_rl_controller_ros2_example/install/lib/python3.12/site-packages/bxi_example_py_elf3/framework/joints/__pycache__/override.cpython-312.pyc
/home/nvidia/bxi_ws/bxi_rl_controller_ros2_example/install/lib/python3.12/site-packages/bxi_example_py_elf3/framework/joints/__pycache__/defaults.cpython-312.pyc
/home/nvidia/bxi_ws/bxi_rl_controller_ros2_example/install/lib/python3.12/site-packages/bxi_example_py_elf3/framework/mod_api/__pycache__/__init__.cpython-312.pyc
/home/nvidia/bxi_ws/bxi_rl_controller_ros2_example/install/lib/python3.12/site-packages/bxi_example_py_elf3/framework/mod_api/__pycache__/frame.cpython-312.pyc
/home/nvidia/bxi_ws/bxi_rl_controller_ros2_example/install/lib/python3.12/site-packages/bxi_example_py_elf3/framework/mod_api/__pycache__/composition.cpython-312.pyc
/home/nvidia/bxi_ws/bxi_rl_controller_ros2_example/install/lib/python3.12/site-packages/bxi_example_py_elf3/framework/platform/__pycache__/__init__.cpython-312.pyc
/home/nvidia/bxi_ws/bxi_rl_controller_ros2_example/install/lib/python3.12/site-packages/bxi_example_py_elf3/framework/platform/__pycache__/joint_io.cpython-312.pyc
/home/nvidia/bxi_ws/bxi_rl_controller_ros2_example/install/lib/python3.12/site-packages/bxi_example_py_elf3/framework/platform/__pycache__/api.cpython-312.pyc
/home/nvidia/bxi_ws/bxi_rl_controller_ros2_example/install/share/ament_index/resource_index/packages/bxi_example_py_elf3
/home/nvidia/bxi_ws/bxi_rl_controller_ros2_example/install/share/bxi_example_py_elf3/package.xml
/home/nvidia/bxi_ws/bxi_rl_controller_ros2_example/install/share/bxi_example_py_elf3/data/./model_mjlab.onnx
/home/nvidia/bxi_ws/bxi_rl_controller_ros2_example/install/share/bxi_example_py_elf3/data/./elf3.xml
/home/nvidia/bxi_ws/bxi_rl_controller_ros2_example/install/share/bxi_example_py_elf3/data/./dance.onnx
/home/nvidia/bxi_ws/bxi_rl_controller_ros2_example/install/share/bxi_example_py_elf3/data/./dance.npz
/home/nvidia/bxi_ws/bxi_rl_controller_ros2_example/install/share/bxi_example_py_elf3/data/./model_run.onnx
/home/nvidia/bxi_ws/bxi_rl_controller_ros2_example/install/share/bxi_example_py_elf3/data/./host.onnx
/home/nvidia/bxi_ws/bxi_rl_controller_ros2_example/install/share/bxi_example_py_elf3/data/./data.txt
/home/nvidia/bxi_ws/bxi_rl_controller_ros2_example/install/share/bxi_example_py_elf3/data/./model_normal.onnx
/home/nvidia/bxi_ws/bxi_rl_controller_ros2_example/install/share/bxi_example_py_elf3/data/meshes/l_wrist_y_link.STL
/home/nvidia/bxi_ws/bxi_rl_controller_ros2_example/install/share/bxi_example_py_elf3/data/meshes/waist_y_link.STL
/home/nvidia/bxi_ws/bxi_rl_controller_ros2_example/install/share/bxi_example_py_elf3/data/meshes/r_hip_z_link.STL
/home/nvidia/bxi_ws/bxi_rl_controller_ros2_example/install/share/bxi_example_py_elf3/data/meshes/r_ankle_y_link.STL
/home/nvidia/bxi_ws/bxi_rl_controller_ros2_example/install/share/bxi_example_py_elf3/data/meshes/r_knee_y_link.STL
/home/nvidia/bxi_ws/bxi_rl_controller_ros2_example/install/share/bxi_example_py_elf3/data/meshes/l_ankle_x_link.STL
/home/nvidia/bxi_ws/bxi_rl_controller_ros2_example/install/share/bxi_example_py_elf3/data/meshes/l_shoulder_y_link.STL
/home/nvidia/bxi_ws/bxi_rl_controller_ros2_example/install/share/bxi_example_py_elf3/data/meshes/l_elbow_y_link.STL
/home/nvidia/bxi_ws/bxi_rl_controller_ros2_example/install/share/bxi_example_py_elf3/data/meshes/r_hip_y_link.STL
/home/nvidia/bxi_ws/bxi_rl_controller_ros2_example/install/share/bxi_example_py_elf3/data/meshes/r_hip_x_link.STL
/home/nvidia/bxi_ws/bxi_rl_controller_ros2_example/install/share/bxi_example_py_elf3/data/meshes/l_wrist_z_link.STL
/home/nvidia/bxi_ws/bxi_rl_controller_ros2_example/install/share/bxi_example_py_elf3/data/meshes/r_ankle_x_link.STL
/home/nvidia/bxi_ws/bxi_rl_controller_ros2_example/install/share/bxi_example_py_elf3/data/meshes/l_shoulder_x_link.STL
/home/nvidia/bxi_ws/bxi_rl_controller_ros2_example/install/share/bxi_example_py_elf3/data/meshes/r_wrist_y_link.STL
/home/nvidia/bxi_ws/bxi_rl_controller_ros2_example/install/share/bxi_example_py_elf3/data/meshes/r_shoulder_y_link.STL
/home/nvidia/bxi_ws/bxi_rl_controller_ros2_example/install/share/bxi_example_py_elf3/data/meshes/r_wrist_z_link.STL
/home/nvidia/bxi_ws/bxi_rl_controller_ros2_example/install/share/bxi_example_py_elf3/data/meshes/waist_x_link.STL
/home/nvidia/bxi_ws/bxi_rl_controller_ros2_example/install/share/bxi_example_py_elf3/data/meshes/l_hip_x_link.STL
/home/nvidia/bxi_ws/bxi_rl_controller_ros2_example/install/share/bxi_example_py_elf3/data/meshes/r_shoulder_z_link.STL
/home/nvidia/bxi_ws/bxi_rl_controller_ros2_example/install/share/bxi_example_py_elf3/data/meshes/r_wrist_x_link.STL
/home/nvidia/bxi_ws/bxi_rl_controller_ros2_example/install/share/bxi_example_py_elf3/data/meshes/l_shoulder_z_link.STL
/home/nvidia/bxi_ws/bxi_rl_controller_ros2_example/install/share/bxi_example_py_elf3/data/meshes/l_hip_z_link.STL
/home/nvidia/bxi_ws/bxi_rl_controller_ros2_example/install/share/bxi_example_py_elf3/data/meshes/torso_link.STL
/home/nvidia/bxi_ws/bxi_rl_controller_ros2_example/install/share/bxi_example_py_elf3/data/meshes/r_shoulder_x_link.STL
/home/nvidia/bxi_ws/bxi_rl_controller_ros2_example/install/share/bxi_example_py_elf3/data/meshes/waist_z_link.STL
/home/nvidia/bxi_ws/bxi_rl_controller_ros2_example/install/share/bxi_example_py_elf3/data/meshes/r_elbow_y_link.STL
/home/nvidia/bxi_ws/bxi_rl_controller_ros2_example/install/share/bxi_example_py_elf3/data/meshes/l_ankle_y_link.STL
/home/nvidia/bxi_ws/bxi_rl_controller_ros2_example/install/share/bxi_example_py_elf3/data/meshes/l_wrist_x_link.STL
/home/nvidia/bxi_ws/bxi_rl_controller_ros2_example/install/share/bxi_example_py_elf3/data/meshes/l_knee_y_link.STL
/home/nvidia/bxi_ws/bxi_rl_controller_ros2_example/install/share/bxi_example_py_elf3/data/meshes/l_hip_y_link.STL
/home/nvidia/bxi_ws/bxi_rl_controller_ros2_example/install/share/bxi_example_py_elf3/launch/./example_walk_hw.launch.py
/home/nvidia/bxi_ws/bxi_rl_controller_ros2_example/install/share/bxi_example_py_elf3/launch/./example_launch_demo.launch.py
/home/nvidia/bxi_ws/bxi_rl_controller_ros2_example/install/share/bxi_example_py_elf3/launch/./example_launch_vibration_hw.launch.py
/home/nvidia/bxi_ws/bxi_rl_controller_ros2_example/install/share/bxi_example_py_elf3/launch/./elf3_dof29_sim.launch.py
/home/nvidia/bxi_ws/bxi_rl_controller_ros2_example/install/share/bxi_example_py_elf3/launch/./example_launch_vibration.launch.py
/home/nvidia/bxi_ws/bxi_rl_controller_ros2_example/install/share/bxi_example_py_elf3/launch/./example_launch_demo_hw.launch.py
/home/nvidia/bxi_ws/bxi_rl_controller_ros2_example/install/share/bxi_example_py_elf3/launch/./example_launch_suspended_tests.launch.py
/home/nvidia/bxi_ws/bxi_rl_controller_ros2_example/install/share/bxi_example_py_elf3/launch/./example_launch_test_wire.py
/home/nvidia/bxi_ws/bxi_rl_controller_ros2_example/install/share/bxi_example_py_elf3/launch/./example_launch_test_wire_hw.py
/home/nvidia/bxi_ws/bxi_rl_controller_ros2_example/install/share/bxi_example_py_elf3/launch/./example_launch_vibration.py
/home/nvidia/bxi_ws/bxi_rl_controller_ros2_example/install/share/bxi_example_py_elf3/launch/./example_launch_suspended_tests_hw.launch.py
/home/nvidia/bxi_ws/bxi_rl_controller_ros2_example/install/share/bxi_example_py_elf3/config/./suspended_tests.yaml
/home/nvidia/bxi_ws/bxi_rl_controller_ros2_example/install/share/bxi_example_py_elf3/mods/com.bxi.suspended_tests/plugin.py
/home/nvidia/bxi_ws/bxi_rl_controller_ros2_example/install/share/bxi_example_py_elf3/mods/com.bxi.suspended_tests/mod.yaml
/home/nvidia/bxi_ws/bxi_rl_controller_ros2_example/install/share/bxi_example_py_elf3/mods/com.bxi.suspended_tests/state.py
/home/nvidia/bxi_ws/bxi_rl_controller_ros2_example/install/lib/python3.12/site-packages/bxi_example_py_elf3-0.0.0-py3.12.egg-info/dependency_links.txt
/home/nvidia/bxi_ws/bxi_rl_controller_ros2_example/install/lib/python3.12/site-packages/bxi_example_py_elf3-0.0.0-py3.12.egg-info/PKG-INFO
/home/nvidia/bxi_ws/bxi_rl_controller_ros2_example/install/lib/python3.12/site-packages/bxi_example_py_elf3-0.0.0-py3.12.egg-info/SOURCES.txt
/home/nvidia/bxi_ws/bxi_rl_controller_ros2_example/install/lib/python3.12/site-packages/bxi_example_py_elf3-0.0.0-py3.12.egg-info/requires.txt
/home/nvidia/bxi_ws/bxi_rl_controller_ros2_example/install/lib/python3.12/site-packages/bxi_example_py_elf3-0.0.0-py3.12.egg-info/top_level.txt
/home/nvidia/bxi_ws/bxi_rl_controller_ros2_example/install/lib/python3.12/site-packages/bxi_example_py_elf3-0.0.0-py3.12.egg-info/entry_points.txt
/home/nvidia/bxi_ws/bxi_rl_controller_ros2_example/install/lib/python3.12/site-packages/bxi_example_py_elf3-0.0.0-py3.12.egg-info/zip-safe
/home/nvidia/bxi_ws/bxi_rl_controller_ros2_example/install/lib/bxi_example_py_elf3/bxi_example_py_elf3_demo
/home/nvidia/bxi_ws/bxi_rl_controller_ros2_example/install/lib/bxi_example_py_elf3/bxi_example_py_elf3_mjlab
/home/nvidia/bxi_ws/bxi_rl_controller_ros2_example/install/lib/bxi_example_py_elf3/bxi_example_py_elf3_run
/home/nvidia/bxi_ws/bxi_rl_controller_ros2_example/install/lib/bxi_example_py_elf3/bxi_example_py_elf3_suspended_tests
/home/nvidia/bxi_ws/bxi_rl_controller_ros2_example/install/lib/bxi_example_py_elf3/bxi_example_py_elf3_test_wire
/home/nvidia/bxi_ws/bxi_rl_controller_ros2_example/install/lib/bxi_example_py_elf3/bxi_example_py_elf3_vibration
