[ 15%] [32mBuilding CXX object gtest/CMakeFiles/gtest.dir/src/gtest-all.cc.o[0m
[ 26%] [32mBuilding CXX object CMakeFiles/cameras-validate.dir/src/inspect.cpp.o[0m
[ 26%] [32mBuilding CXX object CMakeFiles/bxi_depth_camera_core.dir/src/manager.cpp.o[0m
[ 26%] [32mBuilding CXX object CMakeFiles/bxi_depth_camera_core.dir/src/realsense_camera.cpp.o[0m
[ 26%] [32mBuilding CXX object CMakeFiles/bxi_depth_camera_core.dir/src/common.cpp.o[0m
[ 36%] Built target gtest_main
[ 42%] [32mBuilding CXX object CMakeFiles/bxi_depth_camera_core.dir/src/orbbec_camera.cpp.o[0m
[ 47%] [32m[1mLinking CXX executable cameras-inspect[0m
[ 52%] [32mBuilding CXX object CMakeFiles/cameras-fps-test.dir/src/inspect.cpp.o[0m
[ 57%] Built target cameras-inspect
gmake[2]: *** wait: No child processes.  Stop.
gmake[2]: *** Waiting for unfinished jobs....
gmake[2]: *** wait: No child processes.  Stop.
gmake[2]: *** [CMakeFiles/bxi_depth_camera_core.dir/build.make:104: CMakeFiles/bxi_depth_camera_core.dir/src/orbbec_camera.cpp.o] Interrupt
gmake[2]: *** [CMakeFiles/cameras-fps-test.dir/build.make:76: CMakeFiles/cameras-fps-test.dir/src/inspect.cpp.o] Interrupt
gmake[1]: *** [CMakeFiles/Makefile2:269: CMakeFiles/cameras-fps-test.dir/all] Interrupt
gmake[2]: *** [gtest/CMakeFiles/gtest.dir/build.make:76: gtest/CMakeFiles/gtest.dir/src/gtest-all.cc.o] Interrupt
gmake[2]: *** [CMakeFiles/bxi_depth_camera_core.dir/build.make:90: CMakeFiles/bxi_depth_camera_core.dir/src/manager.cpp.o] Interrupt
gmake[2]: *** [CMakeFiles/bxi_depth_camera_core.dir/build.make:118: CMakeFiles/bxi_depth_camera_core.dir/src/realsense_camera.cpp.o] Interrupt
gmake[2]: *** wait: No child processes.  Stop.
gmake[2]: *** Waiting for unfinished jobs....
gmake[2]: *** wait: No child processes.  Stop.
gmake[1]: *** [CMakeFiles/Makefile2:323: gtest/CMakeFiles/gtest.dir/all] Interrupt
gmake[1]: *** [CMakeFiles/Makefile2:165: CMakeFiles/bxi_depth_camera_core.dir/all] Error 2
gmake[1]: *** wait: No child processes.  Stop.
gmake[1]: *** Waiting for unfinished jobs....
gmake[1]: *** wait: No child processes.  Stop.
gmake: *** [Makefile:146: all] Error 2
