-- Found ament_cmake: 2.5.6 (/opt/ros/jazzy/share/ament_cmake/cmake)
-- Found rclcpp: 28.1.21 (/opt/ros/jazzy/share/rclcpp/cmake)
-- Found rosidl_generator_c: 4.6.9 (/opt/ros/jazzy/share/rosidl_generator_c/cmake)
-- Found rosidl_generator_cpp: 4.6.9 (/opt/ros/jazzy/share/rosidl_generator_cpp/cmake)
-- Using all available rosidl_typesupport_c: rosidl_typesupport_fastrtps_c;rosidl_typesupport_introspection_c
-- Using all available rosidl_typesupport_cpp: rosidl_typesupport_fastrtps_cpp;rosidl_typesupport_introspection_cpp
-- Found rmw_implementation_cmake: 7.3.3 (/opt/ros/jazzy/share/rmw_implementation_cmake/cmake)
-- Found rmw_fastrtps_cpp: 8.4.4 (/opt/ros/jazzy/share/rmw_fastrtps_cpp/cmake)
-- Using RMW implementation 'rmw_fastrtps_cpp' as default
-- Found std_msgs: 5.3.8 (/opt/ros/jazzy/share/std_msgs/cmake)
[31mCMake Error at CMakeLists.txt:22 (find_package):
  By not providing "Findcommunication.cmake" in CMAKE_MODULE_PATH this
  project has asked CMake to find a package configuration file provided by
  "communication", but CMake did not find one.

  Could not find a package configuration file provided by "communication"
  with any of the following names:

    communicationConfig.cmake
    communication-config.cmake

  Add the installation prefix of "communication" to CMAKE_PREFIX_PATH or set
  "communication_DIR" to a directory containing one of the above files.  If
  "communication" provides a separate development package or SDK, be sure it
  has been installed.

[0m
-- Configuring incomplete, errors occurred!
gmake: *** [Makefile:606: cmake_check_build_system] Error 1
